[leans.fun/dev.html]
[leans.fun/assets/decorations/spirit-embers.png]
[leans.fun/_next/static/css/b6082875068b16a9.css]
[leans.fun/_next/static/css/aeb423f38f97b93f.css]
[leans.fun/_next/static/chunks/webpack-59cca41aa0c9beef.js]
[leans.fun/_next/static/chunks/fd9d1056-774bff0ec1555211.js]
[leans.fun/_next/static/chunks/7023-1ce10e5b7ad348a2.js]
[leans.fun/_next/static/chunks/main-app-2a5d4c19ce891f66.js]
[leans.fun/_next/static/chunks/app/layout-9423398c5501f296.js]
[leans.fun/_next/static/chunks/231-c7383e5bbc7f8e01.js]
[leans.fun/_next/static/chunks/8502-843425c08373d7e1.js]
[leans.fun/_next/static/chunks/1125-cee941fa29899a7c.js]
[leans.fun/_next/static/chunks/9019-5265f5173cc2bec9.js]
[leans.fun/_next/static/chunks/7733-d0f53a6c18ce594e.js]
[leans.fun/_next/static/chunks/4974-0edd534b8544e139.js]
[leans.fun/_next/static/chunks/118-4276ebe29dbd1513.js]
[leans.fun/_next/static/chunks/app/page-1b7982217ad20e65.js]
[leans.fun/_next/static/chunks/7776-6d590971d56b3442.js]
[leans.fun/_next/static/chunks/9950-68c4ea0beda7a5a3.js]
[leans.fun/_next/static/chunks/9457-ca5d58827c4a3820.js]
[backblue.gif]
[fade.gif]
[index.html]
[leans.fun/_next/static/chunks/app/[username]/page-1ee4a09fad71c70b.js]
[leans.fun/manifest.webmanifest]
[s3.leans.fun/favicons/900c5ff5-b265-4e9a-ba70-f9d4392fa481.png]
[leans.fun/_next/static/chunks/polyfills-78c92fac7aa8fdd8.js]
[s3.leans.fun/avatars/7d45624e-e562-4e3c-bc6d-8419772975aed23b.gif]
[leans.fun/_next/purple4bfa.gif]
[s3.leans.fun/avatars/7d45624e-e562-4e3c-bc6d-8419772975ae.gif]
[leans.fun/dev.html]
[leans.fun/index.html]
[leans.fun/img/background.png]
[leans.fun/_next/static/css/b6082875068b16a9.css]
[leans.fun/_next/static/css/aeb423f38f97b93f.css]
[leans.fun/sign-up.html]
[leans.fun/login.html]
[leans.fun/leaderboard.html]
[leans.fun/shop.html]
[leans.fun/img/background2.jpg]
[leans.fun/_next/reverse33ba.jpeg]
[leans.fun/_next/static/media/fire.b1bd932e.png]
[leans.fun/support.html]
[leans.fun/contacts.html]
[leans.fun/terms-of-service.html]
[leans.fun/index.html]
[leans.fun/privacy-policy.html]
[leans.fun/_next/static/chunks/7090-bfb1ba7f3c23b360.js]
[leans.fun/_next/static/chunks/224-cb9dee41b89e522c.js]
[leans.fun/_next/static/chunks/6835-f1789a74ae080d28.js]
[leans.fun/sign-up.html]
[leans.fun/_next/static/chunks/app/(auth)/sign-up/page-0fd53dfa9742bfdc.js]
[leans.fun/_next/static/chunks/6062-3f46cd9fa6ad45d6.js]
[leans.fun/_next/static/chunks/app/(auth)/login/page-24cb93aa4b90e116.js]
[leans.fun/login.html]
[leans.fun/forgot.html]
[leans.fun/_next/static/chunks/app/(general)/leaderboard/page-5b0f8a39f21c098c.js]
[leans.fun/null.2f.delayed]
[s3.leans.fun/avatars/ee38f908-2d59-4751-94f5-8f1c6b2026ee.jpg]
[s3.leans.fun/avatars/8d15f11c-3422-4e35-ad7f-34487f5963b5.jpg]
[s3.leans.fun/avatars/ca2b4dfc-3086-4b9a-a66c-455d428be1be.jpg]
[s3.leans.fun/avatars/66a1a1a7-411d-4645-a250-7a05e89f79de.jpg]
[s3.leans.fun/avatars/dc5a6929-727e-4c54-a6ce-4a0780832e4e.png]
[s3.leans.fun/avatars/bf1c5ac1-2f71-4639-8c2b-00f734936412.jpg]
[s3.leans.fun/avatars/5cef8ff4-df9a-4584-8448-c19930285286.png]
[leans.fun/leaderboard.html]
[leans.fun/_next/static/chunks/app/shop/page-574e96ef7afc809f.js]
[leans.fun/shop/premium.html]
[leans.fun/shop/custom-badge.html]
[leans.fun/shop/donator.html]
[leans.fun/shop.html]
[leans.fun/shop/super-donator.html]
[leans.fun/support.html]
[leans.fun/_next/static/chunks/app/(general)/support/page-560b2ac2afcca22f.js]
[leans.fun/contacts.html]
[leans.fun/_next/static/chunks/app/(general)/contacts/page-ba572779993e6cc7.js]
[leans.fun/terms-of-service.html]
[leans.fun/_next/static/chunks/app/(general)/terms-of-service/page-541fbd8e67e21da4.js]
[leans.fun/privacy-policy.html]
[leans.fun/_next/static/chunks/app/(general)/privacy-policy/page-fde93fb0d659b5b0.js]
[leans.fun/forgot.html]
[leans.fun/null.html]
[leans.fun/_next/static/chunks/app/(auth)/forgot/page-4a73f8de740c6c78.js]
[leans.fun/_next/static/chunks/app/shop/premium/page-fdba97896a3c260e.js]
[leans.fun/shop/premium.html]
[leans.fun/shop/buy/premium.html]
[leans.fun/shop/custom-badge.html]
[leans.fun/_next/static/chunks/app/shop/custom-badge/page-f6c48f51a22aba2b.js]
[leans.fun/_next/static/chunks/app/shop/donator/page-a0cb33d27a707298.js]
[leans.fun/shop/donator.html]
[leans.fun/shop/buy/donator.html]
[leans.fun/_next/static/chunks/app/shop/super-donator/page-7e1b5d1f05fb1fda.js]
[leans.fun/shop/super-donator.html]
[leans.fun/shop/buy/super-donator.html]
[leans.fun/shop/buy/premium.html]
[leans.fun/shop/buy/donator.html]
[leans.fun/shop/buy/super-donator.html]
[leans.fun/_next/static/chunks/app/shop/buy/[article]/page-3e2fb5fa2a77f4fb.js]
